FROM java
LABEL name ${name} 42 ${ext} blub @unknown@ @
ENV guenther png
