FROM java
LABEL name guenther @age@ png ${unknown}
ENV guenther 42
